
> admin-web@1.0.0 build
> next build

   ▲ Next.js 15.1.3
   - Environments: .env.local

   Creating an optimized production build ...
 ✓ Compiled successfully
   Linting and checking validity of types ...
   Collecting page data ...
   Generating static pages (0/14) ...
   Generating static pages (3/14) 
   Generating static pages (6/14) 
   Generating static pages (10/14) 
 ✓ Generating static pages (14/14)
   Finalizing page optimization ...
   Collecting build traces ...

Route (app)                              Size     First Load JS
┌ ○ /                                    137 B           106 kB
├ ○ /_not-found                          986 B           107 kB
├ ○ /dashboard                           106 kB          292 kB
├ ○ /dashboard/categories                6.38 kB         187 kB
├ ○ /dashboard/coupons                   4.46 kB         190 kB
├ ○ /dashboard/customers                 4.42 kB         170 kB
├ ○ /dashboard/inventory                 3.6 kB          158 kB
├ ○ /dashboard/orders                    3.65 kB         189 kB
├ ƒ /dashboard/orders/[id]               5.57 kB         160 kB
├ ○ /dashboard/products                  3.77 kB         198 kB
├ ƒ /dashboard/products/[id]             6.84 kB         161 kB
├ ○ /dashboard/settings                  3.96 kB         153 kB
├ ○ /dashboard/shipping                  5.7 kB          191 kB
└ ○ /login                               5.03 kB         180 kB
+ First Load JS shared by all            106 kB
  ├ chunks/855-be7e4639568b99c9.js       50.7 kB
  ├ chunks/87c73c54-eb4c595efe305e64.js  53 kB
  └ other shared chunks (total)          2.03 kB


○  (Static)   prerendered as static content
ƒ  (Dynamic)  server-rendered on demand

